// Jest Snapshot v1, https://goo.gl/fbAQLP

exports[`PickableItem wraps children 1`] = `
<button
  className="makeStyles-content-2"
  onClick={[Function]}
  type="button"
>
  <div
    className="makeStyles-itemListItem-1 makeStyles-itemListItem-3"
  >
    <div
      className="makeStyles-content-2"
    >
      <div
        className="makeStyles-root-4"
      >
        <div
          className="makeStyles-content-5"
        >
          I am a child
        </div>
        <div
          className="makeStyles-icon-6"
        >
          <svg>
            arrow-editable-item.svg
          </svg>
        </div>
      </div>
    </div>
  </div>
</button>
`;
