// Jest Snapshot v1, https://goo.gl/fbAQLP

exports[`BottlingUserInput component renders as expected 1`] = `
<div
  className="BottlingUserInput"
>
  <section>
    <div
      className="EntryList"
    >
      <dl
        className="Entry"
      >
        <label>
          <dt>
            Display name
          </dt>
          <dd>
            <input
              onChange={[Function]}
              placeholder="Main name"
              type="text"
              value=""
            />
          </dd>
        </label>
      </dl>
      <div
        className="Divider"
      />
      <dl
        className="Entry"
      >
        <label>
          <dt>
            Label
          </dt>
          <dd>
            <input
              onChange={[Function]}
              placeholder="Label name"
              type="text"
              value="Old Marks"
            />
          </dd>
        </label>
      </dl>
      <div
        className="Divider"
      />
      <dl
        className="Entry"
      >
        <label>
          <dt>
            Series
          </dt>
          <dd>
            <input
              onChange={[Function]}
              placeholder="Series name"
              type="text"
              value="Serial Drink"
            />
          </dd>
        </label>
      </dl>
      <div
        className="Divider"
      />
      <dl
        className="Entry"
      >
        <label>
          <dt>
            Distillery
          </dt>
          <dd>
            <input
              onChange={[Function]}
              placeholder="Name of distiller"
              type="text"
              value="Brukveda"
            />
          </dd>
        </label>
      </dl>
      <div
        className="Divider"
      />
      <dl
        className="Entry"
      >
        <label>
          <dt>
            Bottled by
          </dt>
          <dd>
            <input
              onChange={[Function]}
              placeholder="Name of bottler"
              type="text"
              value="Bottlerama"
            />
          </dd>
        </label>
      </dl>
      <div
        className="Divider"
      />
      <dl
        className="Entry"
      >
        <label>
          <dt>
            Age
          </dt>
          <dd>
            <input
              onChange={[Function]}
              placeholder="# of years"
              type="number"
              value="16"
            />
          </dd>
        </label>
      </dl>
      <div
        className="Divider"
      />
      <dl
        className="Entry"
      >
        <label>
          <dt>
            Alcohol
          </dt>
          <dd>
            <input
              onChange={[Function]}
              placeholder="%"
              type="text"
              value="48.2%"
            />
          </dd>
        </label>
      </dl>
      <div
        className="Divider"
      />
      <dl
        className="Entry"
      >
        <label>
          <dt>
            Category
          </dt>
          <dd>
            <select
              onChange={[Function]}
              placeholder="Type"
              value=""
            >
              <option
                hidden={true}
              />
              <option
                value="Blended"
              >
                Blended
              </option>
              <option
                value="Bourbon"
              >
                Bourbon
              </option>
              <option
                value="Rye"
              >
                Rye
              </option>
              <option
                value="SingleMalt"
              >
                Single Malt
              </option>
            </select>
          </dd>
        </label>
      </dl>
    </div>
  </section>
  <section>
    <h4>
      The Whisky
    </h4>
    <div
      className="EntryList"
    >
      <dl
        className="Entry"
      >
        <label>
          <dt>
            Date distilled
          </dt>
          <dd>
            <input
              onChange={[Function]}
              placeholder="Year"
              type="number"
              value="1724"
            />
          </dd>
        </label>
      </dl>
      <div
        className="Divider"
      />
      <dl
        className="Entry"
      >
        <label>
          <dt>
            Date bottled
          </dt>
          <dd>
            <input
              onChange={[Function]}
              placeholder="Year"
              type="number"
              value="1923"
            />
          </dd>
        </label>
      </dl>
      <div
        className="Divider"
      />
      <dl
        className="Entry"
      >
        <label>
          <dt>
            Age
          </dt>
          <dd>
            <input
              onChange={[Function]}
              placeholder="# of years"
              type="number"
              value="16"
            />
          </dd>
        </label>
      </dl>
      <div
        className="Divider"
      />
      <dl
        className="Entry"
      >
        <label>
          <dt>
            Category
          </dt>
          <dd>
            <select
              onChange={[Function]}
              placeholder="Type"
              value=""
            >
              <option
                hidden={true}
              />
              <option
                value="Blended"
              >
                Blended
              </option>
              <option
                value="Bourbon"
              >
                Bourbon
              </option>
              <option
                value="Rye"
              >
                Rye
              </option>
              <option
                value="SingleMalt"
              >
                Single Malt
              </option>
            </select>
          </dd>
        </label>
      </dl>
      <div
        className="Divider"
      />
      <dl
        className="Entry"
      >
        <label>
          <dt>
            Cask No.
          </dt>
          <dd>
            <input
              onChange={[Function]}
              placeholder="Cask serial no."
              type="text"
              value="Cask No. 6125"
            />
          </dd>
        </label>
      </dl>
      <div
        className="Divider"
      />
      <dl
        className="Entry"
      >
        <label>
          <dt>
            Cask type
          </dt>
          <dd>
            <input
              onChange={[Function]}
              placeholder="Olorosso, Bourbon"
              type="text"
              value="Olorosso"
            />
          </dd>
        </label>
      </dl>
      <div
        className="Divider"
      />
      <dl
        className="Entry"
      >
        <label>
          <dt>
            Batch No.
          </dt>
          <dd>
            <input
              onChange={[Function]}
              placeholder="Batch serial no."
              type="text"
              value="Batch No. 123"
            />
          </dd>
        </label>
      </dl>
      <div
        className="Divider"
      />
      <dl
        className="Entry"
      >
        <label>
          <dt>
            Alcohol
          </dt>
          <dd>
            <input
              onChange={[Function]}
              placeholder="%"
              type="text"
              value="48.2%"
            />
          </dd>
        </label>
      </dl>
    </div>
  </section>
  <section>
    <h4>
      The Distillery
    </h4>
    <div
      className="EntryList"
    >
      <dl
        className="Entry"
      >
        <label>
          <dt>
            Distilled by
          </dt>
          <dd>
            <input
              onChange={[Function]}
              placeholder="Name of distiller"
              type="text"
              value="Brukveda"
            />
          </dd>
        </label>
      </dl>
      <div
        className="Divider"
      />
      <dl
        className="Entry"
      >
        <label>
          <dt>
            Country
          </dt>
          <dd>
            <input
              onChange={[Function]}
              placeholder="ex. Scotland"
              type="text"
              value="Sweden"
            />
          </dd>
        </label>
      </dl>
      <div
        className="Divider"
      />
      <dl
        className="Entry"
      >
        <label>
          <dt>
            District
          </dt>
          <dd>
            <input
              onChange={[Function]}
              placeholder="ex. Islay"
              type="text"
              value=""
            />
          </dd>
        </label>
      </dl>
    </div>
  </section>
  <section>
    <h4>
      The Bottle
    </h4>
    <div
      className="EntryList"
    >
      <dl
        className="Entry"
      >
        <label>
          <dt>
            Bottled by
          </dt>
          <dd>
            <input
              onChange={[Function]}
              placeholder="Name of bottler"
              type="text"
              value="Bottlerama"
            />
          </dd>
        </label>
      </dl>
      <div
        className="Divider"
      />
      <dl
        className="Entry"
      >
        <label>
          <dt>
            Bottles produced
          </dt>
          <dd>
            <input
              onChange={[Function]}
              placeholder="# of bottles"
              type="number"
              value="2033"
            />
          </dd>
        </label>
      </dl>
      <div
        className="Divider"
      />
      <dl
        className="Entry"
      >
        <label>
          <dt>
            Bottle sizes
          </dt>
          <dd>
            <input
              onChange={[Function]}
              placeholder="ex. 70cl, 40cl"
              type="text"
              value="75cl"
            />
          </dd>
        </label>
      </dl>
      <div
        className="Divider"
      />
      <dl
        className="Entry"
      >
        <label>
          <dt>
            Bottle code
          </dt>
          <dd>
            <input
              onChange={[Function]}
              placeholder="ex. L6 3224"
              type="text"
              value="L-214LA23"
            />
          </dd>
        </label>
      </dl>
      <div
        className="Divider"
      />
      <dl
        className="Entry"
      >
        <label>
          <dt>
            Barcode
          </dt>
          <dd>
            <input
              placeholder="ex. 312541512"
              type="number"
            />
          </dd>
        </label>
      </dl>
    </div>
  </section>
</div>
`;
